// Jest Snapshot v1, https://goo.gl/fbAQLP

exports[`App Tests the rendering of components 1`] = `
<div
  className="App"
>
  <h1
    className="app-head"
  >
    Simple Calculator; Final Version
  </h1>
  <section
    className="calc-container"
  >
    <div
      className="display"
    >
      <p>
        0
      </p>
    </div>
    <div
      className="row"
    >
      <button
        className="btn "
        onClick={[Function]}
        type="button"
      >
        AC
      </button>
      <button
        className="btn "
        onClick={[Function]}
        type="button"
      >
        +/-
      </button>
      <button
        className="btn "
        onClick={[Function]}
        type="button"
      >
        %
      </button>
      <button
        className="btn colorBtn"
        onClick={[Function]}
        type="button"
      >
        รท
      </button>
    </div>
    <div
      className="row"
    >
      <button
        className="btn "
        onClick={[Function]}
        type="button"
      >
        7
      </button>
      <button
        className="btn "
        onClick={[Function]}
        type="button"
      >
        8
      </button>
      <button
        className="btn "
        onClick={[Function]}
        type="button"
      >
        9
      </button>
      <button
        className="btn colorBtn"
        onClick={[Function]}
        type="button"
      >
        x
      </button>
    </div>
    <div
      className="row"
    >
      <button
        className="btn "
        onClick={[Function]}
        type="button"
      >
        4
      </button>
      <button
        className="btn "
        onClick={[Function]}
        type="button"
      >
        5
      </button>
      <button
        className="btn "
        onClick={[Function]}
        type="button"
      >
        6
      </button>
      <button
        className="btn colorBtn"
        onClick={[Function]}
        type="button"
      >
        -
      </button>
    </div>
    <div
      className="row"
    >
      <button
        className="btn "
        onClick={[Function]}
        type="button"
      >
        1
      </button>
      <button
        className="btn "
        onClick={[Function]}
        type="button"
      >
        2
      </button>
      <button
        className="btn "
        onClick={[Function]}
        type="button"
      >
        3
      </button>
      <button
        className="btn colorBtn"
        onClick={[Function]}
        type="button"
      >
        +
      </button>
    </div>
    <div
      className="row"
    >
      <button
        className="zeroBtn "
        onClick={[Function]}
        type="button"
      >
        0
      </button>
      <button
        className="btn "
        onClick={[Function]}
        type="button"
      >
        .
      </button>
      <button
        className="btn colorBtn"
        onClick={[Function]}
        type="button"
      >
        =
      </button>
    </div>
  </section>
</div>
`;
