// Jest Snapshot v1, https://goo.gl/fbAQLP

exports[`Quote Tests the rendering of components 1`] = `
<div
  className="quote"
>
  <h1
    className="quote-title"
  >
    Math Magicians
  </h1>
  <p>
    Mathematics is not about numbers, equations, computations, or algorithms: it is about understanding. â€“William Paul Thurston
  </p>
</div>
`;
